FM_TEST_BEGIN 2026-09-11T05:27:58Z tests/fm-procevent-when.test.sh family=unclassified expected_gate_skip=none
ok - arm binds, refuses duplicates, and retire cleans up
ok - concurrent arms publish exactly one complete watch
ok - a stable true fires the action exactly once and wakes with the outcome
ok - a flapping condition never reaches the action
ok - an action failure wakes with the captured error
ok - a repeatedly erroring condition wakes firstmate instead of firing
ok - an expired deadline wakes with never-true
ok - a late true poll cannot fire after its deadline
ok - action timeouts terminate the complete process group
ok - command output staging stays within its byte bound
ok - a restart after a claimed fire reports ambiguity instead of double-firing
ok - a mutated spec is refused without executing anything
ok - mutated action bytes are refused before claiming the fire
all fm-procevent-when tests passed
FM_TEST_END 2026-09-11T05:28:56Z tests/fm-procevent-when.test.sh exit=0 duration_ms=57934 gate_skip=false
FM_TEST_SUMMARY total=1 failed=0 skipped_gate=0 duration_ms=58220
FM_TEST_SUMMARY_FAMILY family=unclassified count=1 duration_ms=57934 failed=0
FM_TEST_SLOWEST rank=1 script=tests/fm-procevent-when.test.sh duration_ms=57934
TEST_SLOWEST rank=1 script=tests/fm-procevent-when.test.sh duration_ms=55779
