{
  "schema": "fm-secondmate-home-summary.v1",
  "generated": "2026-09-11T08:56:08Z",
  "home": "/tmp/live-partial.9ogCMF",
  "valid": false,
  "reason": "worker metadata inventory is incomplete",
  "invalidity": {
    "kind": "incomplete_inventory",
    "ids": []
  },
  "state": "unknown",
  "active_children": [],
  "decisions_open": [],
  "holds": [],
  "queued": [],
  "landed": [],
  "endpoints": [
    {
      "id": "visible-ship",
      "state": "unknown",
      "source": "pane",
      "endpoint": {
        "target": "firstmate:fm-visible-ship",
        "exists": true,
        "agent_alive": "not_checked",
        "status": "unknown",
        "observed_at": "2026-09-11T08:56:08Z",
        "freshness": "fresh"
      }
    }
  ],
  "counts": {
    "active_children": 0,
    "decisions_open": 0,
    "holds": 0,
    "queued": 0,
    "landed": 0,
    "endpoints": 1
  },
  "omitted": []
}
